{
    "ansible_check_mode": false,
    "ansible_connection": "ssh",
    "ansible_diff_mode": true,
    "ansible_forks": 50,
    "ansible_host": "192.168.121.11",
    "ansible_run_tags": [
        "all"
    ],
    "ansible_ssh_common_args": "-o \"UserKnownHostsFile=/dev/null\" -o StrictHostKeyChecking=no -o \"PubkeyAuthentication=no\"",
    "ansible_user": "vagrant",
    "ceph01": {
        "additional_disks": [
            {
                "name": "vdb",
                "size": 60
            }
        ],
        "cpus": 2,
        "disks": 40,
        "environment": "ceph",
        "hostname": "ceph01.local",
        "memory": 4096,
        "mgmtnet_ip_address": "192.168.121.9",
        "provider_ip_address": "192.168.123.9"
    },
    "ceph02": {
        "additional_disks": [
            {
                "name": "vdb",
                "size": 60
            }
        ],
        "cpus": 2,
        "disks": 40,
        "environment": "ceph",
        "hostname": "ceph02.local",
        "memory": 4096,
        "mgmtnet_ip_address": "192.168.121.10",
        "provider_ip_address": "192.168.123.10"
    },
    "ceph03": {
        "additional_disks": [
            {
                "name": "vdb",
                "size": 60
            }
        ],
        "cpus": 2,
        "disks": 40,
        "environment": "ceph",
        "hostname": "ceph03.local",
        "memory": 4096,
        "mgmtnet_ip_address": "192.168.121.11",
        "provider_ip_address": "192.168.123.11"
    },
    "ceph_admin_user": "admin",
    "ceph_pub_key_fetch_path": "/tmp/fetch-ceph.pub",
    "compute01": {
        "cpus": 10,
        "disks": 90,
        "environment": "compute",
        "hostname": "compute01.local",
        "memory": 16384,
        "mgmtnet_ip_address": "192.168.121.6",
        "provider_ip_address": "192.168.123.6"
    },
    "compute02": {
        "cpus": 6,
        "disks": 90,
        "environment": "compute",
        "hostname": "compute02.local",
        "memory": 12288,
        "mgmtnet_ip_address": "192.168.121.7",
        "provider_ip_address": "192.168.123.7"
    },
    "controller01": {
        "cpus": 4,
        "disks": 40,
        "environment": "controller",
        "hostname": "controller01.local",
        "memory": 7168,
        "mgmtnet_ip_address": "192.168.121.5",
        "provider_ip_address": "192.168.123.5"
    },
    "device_name": "vdb",
    "group_names": [
        "ceph_common",
        "lab"
    ],
    "groups": {
        "all": [
            "ceph01",
            "ceph02",
            "ceph03"
        ],
        "ceph_adm": [
            "ceph01"
        ],
        "ceph_common": [
            "ceph02",
            "ceph03"
        ],
        "lab": [
            "ceph01",
            "ceph02",
            "ceph03"
        ],
        "ungrouped": []
    },
    "inventory_dir": "$ROOT_DIR/ansible/deploy_ceph/inventories/local",
    "inventory_file": "$ROOT_DIR/ansible/deploy_ceph/inventories/local/local.yml",
    "inventory_hostname": "ceph03",
    "inventory_hostname_short": "ceph03",
    "mgr_count": 2,
    "mon_count": 3,
    "ntp_server": "time.aws.com",
    "root_dir": "$ROOT_DIR",
    "storage01": {
        "additional_disks": [
            {
                "name": "vdb",
                "size": 20
            }
        ],
        "cpus": 2,
        "disks": 40,
        "environment": "storage",
        "hostname": "storage01.local",
        "memory": 2048,
        "mgmtnet_ip_address": "192.168.121.8",
        "provider_ip_address": "192.168.123.8"
    },
    "target_env": "local"
}