{
    "ansible_check_mode": false,
    "ansible_connection": "ssh",
    "ansible_diff_mode": true,
    "ansible_forks": 50,
    "ansible_host": "192.168.121.5",
    "ansible_password": "vagrant",
    "ansible_run_tags": [
        "all"
    ],
    "ansible_ssh_common_args": "-o \"UserKnownHostsFile=/dev/null\" -o StrictHostKeyChecking=no -o \"PubkeyAuthentication=no\"",
    "ansible_sudo_pass": "vagrant",
    "ansible_user": "vagrant",
    "ceph01": {
        "additional_disks": [
            {
                "name": "vdb",
                "size": 60
            }
        ],
        "cpus": 2,
        "disks": 40,
        "environment": "ceph",
        "hostname": "ceph01.local",
        "memory": 4096,
        "mgmtnet_ip_address": "192.168.121.9",
        "provider_ip_address": "192.168.123.9"
    },
    "ceph02": {
        "additional_disks": [
            {
                "name": "vdb",
                "size": 60
            }
        ],
        "cpus": 2,
        "disks": 40,
        "environment": "ceph",
        "hostname": "ceph02.local",
        "memory": 4096,
        "mgmtnet_ip_address": "192.168.121.10",
        "provider_ip_address": "192.168.123.10"
    },
    "ceph03": {
        "additional_disks": [
            {
                "name": "vdb",
                "size": 60
            }
        ],
        "cpus": 2,
        "disks": 40,
        "environment": "ceph",
        "hostname": "ceph03.local",
        "memory": 4096,
        "mgmtnet_ip_address": "192.168.121.11",
        "provider_ip_address": "192.168.123.11"
    },
    "ceph_enabled": false,
    "cinder_password": "vagrant",
    "compute01": {
        "cpus": 10,
        "disks": 90,
        "environment": "compute",
        "hostname": "compute01.local",
        "memory": 16384,
        "mgmtnet_ip_address": "192.168.121.6",
        "provider_ip_address": "192.168.123.6"
    },
    "compute01_host_addr": "192.168.121.6",
    "compute02": {
        "cpus": 6,
        "disks": 90,
        "environment": "compute",
        "hostname": "compute02.local",
        "memory": 12288,
        "mgmtnet_ip_address": "192.168.121.7",
        "provider_ip_address": "192.168.123.7"
    },
    "controller01": {
        "cpus": 4,
        "disks": 40,
        "environment": "controller",
        "hostname": "controller01.local",
        "memory": 7168,
        "mgmtnet_ip_address": "192.168.121.5",
        "provider_ip_address": "192.168.123.5"
    },
    "controller01_host_addr": "192.168.121.5",
    "glance_password": "vagrant",
    "group_names": [
        "controller",
        "lab"
    ],
    "groups": {
        "all": [
            "controller01",
            "compute01",
            "compute02",
            "storage01"
        ],
        "compute": [
            "compute01",
            "compute02"
        ],
        "controller": [
            "controller01"
        ],
        "lab": [
            "controller01",
            "compute01",
            "compute02",
            "storage01"
        ],
        "storage": [
            "storage01"
        ],
        "ungrouped": []
    },
    "inventory_dir": "$ROOT_DIR/ansible/deploy_openstack/inventories/local",
    "inventory_file": "$ROOT_DIR/ansible/deploy_openstack/inventories/local/local.yml",
    "inventory_hostname": "controller01",
    "inventory_hostname_short": "controller01",
    "keystone_password": "vagrant",
    "mariadb_password": "vagrant",
    "metadata_secret": "vagrant",
    "neutron_password": "vagrant",
    "nova_password": "vagrant",
    "ntp_server": "time.aws.com",
    "openstack_repo": "cloud-archive:flamingo",
    "os_cinder_password": "vagrant",
    "os_glance_password": "vagrant",
    "os_keystone_password": "vagrant",
    "os_neutron_password": "vagrant",
    "os_nova_password": "vagrant",
    "os_placement_password": "vagrant",
    "placement_password": "vagrant",
    "provider_interface": "eth1",
    "rabbitmq_password": "vagrant",
    "root_dir": "$ROOT_DIR",
    "storage01": {
        "additional_disks": [
            {
                "name": "vdb",
                "size": 20
            }
        ],
        "cpus": 2,
        "disks": 40,
        "environment": "storage",
        "hostname": "storage01.local",
        "memory": 2048,
        "mgmtnet_ip_address": "192.168.121.8",
        "provider_ip_address": "192.168.123.8"
    },
    "storage01_host_addr": "192.168.121.8",
    "target_env": "local",
    "use_hostname": false
}